../Core/Src/main.c:77:1:__io_putchar	16	static
../Core/Src/main.c:83:9:calc_SAE_J1850	24	static
../Core/Src/main.c:112:6:HAL_CAN_RxFifo0MsgPendingCallback	24	static
../Core/Src/main.c:129:6:HAL_TIM_PeriodElapsedCallback	32	static
../Core/Src/main.c:171:5:main	16	static
../Core/Src/main.c:242:6:SystemClock_Config	72	static
../Core/Src/main.c:282:13:MX_CAN_Init	8	static
../Core/Src/main.c:319:13:MX_TIM3_Init	32	static
../Core/Src/main.c:364:13:MX_USART1_UART_Init	8	static
../Core/Src/main.c:397:13:MX_GPIO_Init	40	static
../Core/Src/main.c:441:6:Error_Handler	4	static,ignoring_inline_asm
